INFO:ETL:Mercury: 57.90905 million km
INFO:ETL:Venus: 108.208475 million km
INFO:ETL:Earth: 149.598023 million km
INFO:ETL:Mars: 227.9392 million km
INFO:ETL:Jupiter: 778.340821 million km
INFO:ETL:Saturn: 1426.666422 million km
INFO:ETL:Uranus: 2870.658186 million km
INFO:ETL:Neptune: 4498.396441 million km
INFO:ETL:EETL
INFO:ETL:Extract
INFO:ETL:Scrub
INFO:ETL:Load
INFO:py4j.clientserver:Closing down clientserver connection
INFO:ETL:EETL
INFO:ETL:Extract
INFO:ETL:Scrub
INFO:ETL:Load
INFO:py4j.clientserver:Closing down clientserver connection
INFO:ETL:EETL
INFO:ETL:Extract
INFO:ETL:Scrub
INFO:ETL:Load
INFO:py4j.clientserver:Closing down clientserver connection
INFO:ETL:EETL
INFO:ETL:Extract
INFO:ETL:Scrub
INFO:ETL:Load
INFO:py4j.clientserver:Closing down clientserver connection
INFO:ETL:EETL
INFO:ETL:Extract
INFO:ETL:Scrub
INFO:ETL:Load
INFO:py4j.clientserver:Closing down clientserver connection
INFO:ETL:EETL
INFO:ETL:Extract
INFO:ETL:Scrub
INFO:ETL:Load
INFO:py4j.clientserver:Closing down clientserver connection
INFO:ETL:EETL
INFO:ETL:Extract
INFO:ETL:Scrub
INFO:py4j.clientserver:Closing down clientserver connection
INFO:ETL:EETL
INFO:ETL:Extract
INFO:ETL:Scrub
INFO:py4j.clientserver:Closing down clientserver connection
INFO:ETL:EETL
INFO:ETL:Extract
INFO:ETL:EETL
INFO:ETL:Extract
INFO:ETL:Scrub
INFO:py4j.clientserver:Closing down clientserver connection
INFO:ETL:EETL
INFO:ETL:Extract
INFO:ETL:Scrub
INFO:py4j.clientserver:Closing down clientserver connection
INFO:ETL:EETL
INFO:ETL:Extract
INFO:ETL:Scrub
INFO:py4j.clientserver:Closing down clientserver connection
INFO:ETL:EETL
INFO:ETL:Extract
INFO:ETL:Scrub
INFO:py4j.clientserver:Closing down clientserver connection
INFO:ETL:EETL
INFO:ETL:Extract
INFO:ETL:Scrub
INFO:ETL:Load
INFO:py4j.clientserver:Closing down clientserver connection
INFO:ETL:EETL
INFO:ETL:Extract
INFO:ETL:Scrub
INFO:ETL:Load
INFO:py4j.clientserver:Closing down clientserver connection
INFO:ETL:EETL
INFO:ETL:Extract
INFO:ETL:Scrub
INFO:ETL:Load
INFO:py4j.clientserver:Closing down clientserver connection
INFO:ETL:EETL
INFO:ETL:Extract
INFO:ETL:Scrub
INFO:ETL:Load
INFO:py4j.clientserver:Closing down clientserver connection
